Archive member included to satisfy reference by file (symbol)

C:/avr/bin/../lib/gcc/avr/14.1.0/avr5\libgcc.a(_divmodhi4.o)
                              bin/debug/main.o (__divmodhi4)
C:/avr/bin/../lib/gcc/avr/14.1.0/avr5\libgcc.a(_exit.o)
                              C:/avr/bin/../lib/gcc/avr/14.1.0/../../../../avr/lib/avr5/crtatmega328p.o (exit)
C:/avr/bin/../lib/gcc/avr/14.1.0/avr5\libgcc.a(_copy_data.o)
                              bin/debug/main.o (__do_copy_data)
C:/avr/bin/../lib/gcc/avr/14.1.0/avr5\libgcc.a(_udivmodhi4.o)
                              C:/avr/bin/../lib/gcc/avr/14.1.0/avr5\libgcc.a(_divmodhi4.o) (__udivmodhi4)
C:/avr/bin/../lib/gcc/avr/14.1.0/../../../../avr/lib/avr5\libc.a(rand.o)
                              bin/debug/main.o (rand)
C:/avr/bin/../lib/gcc/avr/14.1.0/../../../../avr/lib/avr5\libc.a(strcpy.o)
                              bin/debug/CustomerList.o (strcpy)
C:/avr/bin/../lib/gcc/avr/14.1.0/../../../../avr/lib/avr5\libc.a(time.o)
                              bin/debug/main.o (time)
C:/avr/bin/../lib/gcc/avr/14.1.0/../../../../avr/lib/avr5\libc.a(system_time.o)
                              C:/avr/bin/../lib/gcc/avr/14.1.0/../../../../avr/lib/avr5\libc.a(time.o) (__system_time)
C:/avr/bin/../lib/gcc/avr/14.1.0/avr5\libgcc.a(_divmodsi4.o)
                              C:/avr/bin/../lib/gcc/avr/14.1.0/../../../../avr/lib/avr5\libc.a(rand.o) (__divmodsi4)
C:/avr/bin/../lib/gcc/avr/14.1.0/avr5\libgcc.a(_negsi2.o)
                              C:/avr/bin/../lib/gcc/avr/14.1.0/avr5\libgcc.a(_divmodsi4.o) (__negsi2)
C:/avr/bin/../lib/gcc/avr/14.1.0/avr5\libgcc.a(_clear_bss.o)
                              C:/avr/bin/../lib/gcc/avr/14.1.0/../../../../avr/lib/avr5\libc.a(system_time.o) (__do_clear_bss)
C:/avr/bin/../lib/gcc/avr/14.1.0/avr5\libgcc.a(_muluhisi3.o)
                              C:/avr/bin/../lib/gcc/avr/14.1.0/../../../../avr/lib/avr5\libc.a(rand.o) (__muluhisi3)
C:/avr/bin/../lib/gcc/avr/14.1.0/avr5\libgcc.a(_mulshisi3.o)
                              C:/avr/bin/../lib/gcc/avr/14.1.0/../../../../avr/lib/avr5\libc.a(rand.o) (__mulohisi3)
C:/avr/bin/../lib/gcc/avr/14.1.0/avr5\libgcc.a(_udivmodsi4.o)
                              C:/avr/bin/../lib/gcc/avr/14.1.0/avr5\libgcc.a(_divmodsi4.o) (__udivmodsi4)
C:/avr/bin/../lib/gcc/avr/14.1.0/avr5\libgcc.a(_umulhisi3.o)
                              C:/avr/bin/../lib/gcc/avr/14.1.0/avr5\libgcc.a(_muluhisi3.o) (__umulhisi3)

There are no discarded input sections

Memory Configuration

Name             Origin             Length             Attributes
text             0x00000000         0x00008000         xr
data             0x00800100         0x00000800         rw!x
eeprom           0x00810000         0x00000400         rw!x
fuse             0x00820000         0x00000003         rw!x
lock             0x00830000         0x00000400         rw!x
signature        0x00840000         0x00000400         rw!x
user_signatures  0x00850000         0x00000400         rw!x
*default*        0x00000000         0xffffffff

Linker script and memory map

Address of section .data set to 0x800100
LOAD C:/avr/bin/../lib/gcc/avr/14.1.0/../../../../avr/lib/avr5/crtatmega328p.o
LOAD bin/debug/main.o
LOAD bin/debug/lcd.o
LOAD bin/debug/CustomerList.o
LOAD C:/avr/bin/../lib/gcc/avr/14.1.0/avr5\libgcc.a
LOAD C:/avr/bin/../lib/gcc/avr/14.1.0/../../../../avr/lib/avr5\libm.a
START GROUP
LOAD C:/avr/bin/../lib/gcc/avr/14.1.0/avr5\libgcc.a
LOAD C:/avr/bin/../lib/gcc/avr/14.1.0/../../../../avr/lib/avr5\libm.a
LOAD C:/avr/bin/../lib/gcc/avr/14.1.0/../../../../avr/lib/avr5\libc.a
LOAD C:/avr/bin/../lib/gcc/avr/14.1.0/../../../../avr/lib/avr5\libatmega328p.a
END GROUP
                [0x00000000]                      __TEXT_REGION_ORIGIN__ = DEFINED (__TEXT_REGION_ORIGIN__)?__TEXT_REGION_ORIGIN__:0x0
                [0x00008000]                      __TEXT_REGION_LENGTH__ = DEFINED (__TEXT_REGION_LENGTH__)?__TEXT_REGION_LENGTH__:0x20000
                [0x00800100]                      __DATA_REGION_ORIGIN__ = DEFINED (__DATA_REGION_ORIGIN__)?__DATA_REGION_ORIGIN__:0x800060
                [0x00000800]                      __DATA_REGION_LENGTH__ = DEFINED (__DATA_REGION_LENGTH__)?__DATA_REGION_LENGTH__:0xffa0
                [0x00000400]                      __EEPROM_REGION_LENGTH__ = DEFINED (__EEPROM_REGION_LENGTH__)?__EEPROM_REGION_LENGTH__:0x10000
                [0x00000003]                      __FUSE_REGION_LENGTH__ = DEFINED (__FUSE_REGION_LENGTH__)?__FUSE_REGION_LENGTH__:0x400
                0x00000400                        __LOCK_REGION_LENGTH__ = DEFINED (__LOCK_REGION_LENGTH__)?__LOCK_REGION_LENGTH__:0x400
                0x00000400                        __SIGNATURE_REGION_LENGTH__ = DEFINED (__SIGNATURE_REGION_LENGTH__)?__SIGNATURE_REGION_LENGTH__:0x400
                0x00000400                        __USER_SIGNATURE_REGION_LENGTH__ = DEFINED (__USER_SIGNATURE_REGION_LENGTH__)?__USER_SIGNATURE_REGION_LENGTH__:0x400

.hash
 *(.hash)

.dynsym
 *(.dynsym)

.dynstr
 *(.dynstr)

.gnu.version
 *(.gnu.version)

.gnu.version_d
 *(.gnu.version_d)

.gnu.version_r
 *(.gnu.version_r)

.rel.init
 *(.rel.init)

.rela.init
 *(.rela.init)

.rel.text
 *(.rel.text)
 *(.rel.text.*)
 *(.rel.gnu.linkonce.t*)

.rela.text
 *(.rela.text)
 *(.rela.text.*)
 *(.rela.gnu.linkonce.t*)

.rel.fini
 *(.rel.fini)

.rela.fini
 *(.rela.fini)

.rel.rodata
 *(.rel.rodata)
 *(.rel.rodata.*)
 *(.rel.gnu.linkonce.r*)

.rela.rodata
 *(.rela.rodata)
 *(.rela.rodata.*)
 *(.rela.gnu.linkonce.r*)

.rel.data
 *(.rel.data)
 *(.rel.data.*)
 *(.rel.gnu.linkonce.d*)

.rela.data
 *(.rela.data)
 *(.rela.data.*)
 *(.rela.gnu.linkonce.d*)

.rel.ctors
 *(.rel.ctors)

.rela.ctors
 *(.rela.ctors)

.rel.dtors
 *(.rel.dtors)

.rela.dtors
 *(.rela.dtors)

.rel.got
 *(.rel.got)

.rela.got
 *(.rela.got)

.rel.bss
 *(.rel.bss)

.rela.bss
 *(.rela.bss)

.rel.plt
 *(.rel.plt)

.rela.plt
 *(.rela.plt)

.text           0x00000000      0x74e
 *(.vectors)
 .vectors       0x00000000       0x68 C:/avr/bin/../lib/gcc/avr/14.1.0/../../../../avr/lib/avr5/crtatmega328p.o
                0x00000000                __vector_default
                0x00000000                __vectors
 *(.vectors)
 *(.progmem.gcc*)
                0x00000068                        . = ALIGN (0x2)
                0x00000068                        __trampolines_start = .
 *(.trampolines)
 .trampolines   0x00000068        0x0 linker stubs
 *(.trampolines*)
                0x00000068                        __trampolines_end = .
 *libprintf_flt.a:*(.progmem.data)
 *libc.a:*(.progmem.data)
 *(.progmem.*)
                0x00000068                        . = ALIGN (0x2)
 *(.lowtext)
 *(.lowtext*)
                0x00000068                        __ctors_start = .
 *(.ctors)
                0x00000068                        __ctors_end = .
                0x00000068                        __dtors_start = .
 *(.dtors)
                0x00000068                        __dtors_end = .
 SORT_BY_NAME(*)(.ctors)
 SORT_BY_NAME(*)(.dtors)
 *(.init0)
 .init0         0x00000068        0x0 C:/avr/bin/../lib/gcc/avr/14.1.0/../../../../avr/lib/avr5/crtatmega328p.o
                0x00000068                __init
 *(.init0)
 *(.init1)
 *(.init1)
 *(.init2)
 .init2         0x00000068        0xc C:/avr/bin/../lib/gcc/avr/14.1.0/../../../../avr/lib/avr5/crtatmega328p.o
 *(.init2)
 *(.init3)
 *(.init3)
 *(.init4)
 .init4         0x00000074       0x16 C:/avr/bin/../lib/gcc/avr/14.1.0/avr5\libgcc.a(_copy_data.o)
                0x00000074                __do_copy_data
 .init4         0x0000008a       0x10 C:/avr/bin/../lib/gcc/avr/14.1.0/avr5\libgcc.a(_clear_bss.o)
                0x0000008a                __do_clear_bss
 *(.init4)
 *(.init5)
 *(.init5)
 *(.init6)
 *(.init6)
 *(.init7)
 *(.init7)
 *(.init8)
 *(.init8)
 *(.init9)
 .init9         0x0000009a        0x8 C:/avr/bin/../lib/gcc/avr/14.1.0/../../../../avr/lib/avr5/crtatmega328p.o
 *(.init9)
 *(.text)
 .text          0x000000a2        0x4 C:/avr/bin/../lib/gcc/avr/14.1.0/../../../../avr/lib/avr5/crtatmega328p.o
                0x000000a2                __vector_22
                0x000000a2                __vector_1
                0x000000a2                __vector_24
                0x000000a2                __vector_12
                0x000000a2                __bad_interrupt
                0x000000a2                __vector_6
                0x000000a2                __vector_3
                0x000000a2                __vector_23
                0x000000a2                __vector_25
                0x000000a2                __vector_11
                0x000000a2                __vector_13
                0x000000a2                __vector_17
                0x000000a2                __vector_19
                0x000000a2                __vector_7
                0x000000a2                __vector_5
                0x000000a2                __vector_4
                0x000000a2                __vector_9
                0x000000a2                __vector_2
                0x000000a2                __vector_21
                0x000000a2                __vector_15
                0x000000a2                __vector_8
                0x000000a2                __vector_14
                0x000000a2                __vector_10
                0x000000a2                __vector_16
                0x000000a2                __vector_18
                0x000000a2                __vector_20
 .text          0x000000a6        0x0 bin/debug/main.o
 .text          0x000000a6      0x294 bin/debug/lcd.o
                0x000000a6                HD44780::OutNibble(unsigned char)
                0x000000dc                HD44780::WriteCommand(unsigned char)
                0x0000010e                HD44780::GoTo(unsigned char, unsigned char)
                0x0000011e                HD44780::Clear()
                0x00000132                HD44780::Home()
                0x00000146                HD44780::Write(unsigned char)
                0x0000016a                HD44780::WriteData(unsigned char)
                0x00000174                HD44780::WriteText(char*)
                0x000001c4                HD44780::CreateChar(unsigned char, unsigned char*)
                0x00000206                HD44780::Initialize()
                0x0000032c                HD44780::HD44780()
                0x0000032c                HD44780::HD44780()
 .text          0x0000033a       0xb6 bin/debug/CustomerList.o
                0x0000033a                CustomerList::addCustomer(int, char*)
                0x000003aa                CustomerList::getMessage(int)
                0x000003c0                CustomerList::getPaidAmount(int)
                0x000003d8                CustomerList::getTotalPayment()
                0x000003e4                CustomerList::getCustomerCount()
 .text          0x000003f0        0x0 C:/avr/bin/../lib/gcc/avr/14.1.0/avr5\libgcc.a(_divmodhi4.o)
 .text          0x000003f0        0x0 C:/avr/bin/../lib/gcc/avr/14.1.0/avr5\libgcc.a(_exit.o)
 .text          0x000003f0        0x0 C:/avr/bin/../lib/gcc/avr/14.1.0/avr5\libgcc.a(_copy_data.o)
 .text          0x000003f0        0x0 C:/avr/bin/../lib/gcc/avr/14.1.0/avr5\libgcc.a(_udivmodhi4.o)
 .text          0x000003f0        0x0 C:/avr/bin/../lib/gcc/avr/14.1.0/../../../../avr/lib/avr5\libc.a(rand.o)
 .text          0x000003f0        0x0 C:/avr/bin/../lib/gcc/avr/14.1.0/../../../../avr/lib/avr5\libc.a(strcpy.o)
 .text          0x000003f0        0x0 C:/avr/bin/../lib/gcc/avr/14.1.0/../../../../avr/lib/avr5\libc.a(time.o)
 .text          0x000003f0        0x0 C:/avr/bin/../lib/gcc/avr/14.1.0/../../../../avr/lib/avr5\libc.a(system_time.o)
 .text          0x000003f0        0x0 C:/avr/bin/../lib/gcc/avr/14.1.0/avr5\libgcc.a(_divmodsi4.o)
 .text          0x000003f0        0x0 C:/avr/bin/../lib/gcc/avr/14.1.0/avr5\libgcc.a(_negsi2.o)
 .text          0x000003f0        0x0 C:/avr/bin/../lib/gcc/avr/14.1.0/avr5\libgcc.a(_clear_bss.o)
 .text          0x000003f0        0x0 C:/avr/bin/../lib/gcc/avr/14.1.0/avr5\libgcc.a(_muluhisi3.o)
 .text          0x000003f0        0x0 C:/avr/bin/../lib/gcc/avr/14.1.0/avr5\libgcc.a(_mulshisi3.o)
 .text          0x000003f0        0x0 C:/avr/bin/../lib/gcc/avr/14.1.0/avr5\libgcc.a(_udivmodsi4.o)
 .text          0x000003f0        0x0 C:/avr/bin/../lib/gcc/avr/14.1.0/avr5\libgcc.a(_umulhisi3.o)
                0x000003f0                        . = ALIGN (0x2)
 *(.text.*)
 .text.startup  0x000003f0      0x158 bin/debug/main.o
                0x000003f0                main
 .text.libgcc.mul
                0x00000548        0x0 C:/avr/bin/../lib/gcc/avr/14.1.0/avr5\libgcc.a(_divmodhi4.o)
 .text.libgcc.div
                0x00000548       0x28 C:/avr/bin/../lib/gcc/avr/14.1.0/avr5\libgcc.a(_divmodhi4.o)
                0x00000548                _div
                0x00000548                __divmodhi4
 .text.libgcc   0x00000570        0x0 C:/avr/bin/../lib/gcc/avr/14.1.0/avr5\libgcc.a(_divmodhi4.o)
 .text.libgcc.prologue
                0x00000570        0x0 C:/avr/bin/../lib/gcc/avr/14.1.0/avr5\libgcc.a(_divmodhi4.o)
 .text.libgcc.builtins
                0x00000570        0x0 C:/avr/bin/../lib/gcc/avr/14.1.0/avr5\libgcc.a(_divmodhi4.o)
 .text.libgcc.fmul
                0x00000570        0x0 C:/avr/bin/../lib/gcc/avr/14.1.0/avr5\libgcc.a(_divmodhi4.o)
 .text.libgcc.fixed
                0x00000570        0x0 C:/avr/bin/../lib/gcc/avr/14.1.0/avr5\libgcc.a(_divmodhi4.o)
 .text.libgcc.mul
                0x00000570        0x0 C:/avr/bin/../lib/gcc/avr/14.1.0/avr5\libgcc.a(_exit.o)
 .text.libgcc.div
                0x00000570        0x0 C:/avr/bin/../lib/gcc/avr/14.1.0/avr5\libgcc.a(_exit.o)
 .text.libgcc   0x00000570        0x0 C:/avr/bin/../lib/gcc/avr/14.1.0/avr5\libgcc.a(_exit.o)
 .text.libgcc.prologue
                0x00000570        0x0 C:/avr/bin/../lib/gcc/avr/14.1.0/avr5\libgcc.a(_exit.o)
 .text.libgcc.builtins
                0x00000570        0x0 C:/avr/bin/../lib/gcc/avr/14.1.0/avr5\libgcc.a(_exit.o)
 .text.libgcc.fmul
                0x00000570        0x0 C:/avr/bin/../lib/gcc/avr/14.1.0/avr5\libgcc.a(_exit.o)
 .text.libgcc.fixed
                0x00000570        0x0 C:/avr/bin/../lib/gcc/avr/14.1.0/avr5\libgcc.a(_exit.o)
 .text.libgcc.mul
                0x00000570        0x0 C:/avr/bin/../lib/gcc/avr/14.1.0/avr5\libgcc.a(_copy_data.o)
 .text.libgcc.div
                0x00000570        0x0 C:/avr/bin/../lib/gcc/avr/14.1.0/avr5\libgcc.a(_copy_data.o)
 .text.libgcc   0x00000570        0x0 C:/avr/bin/../lib/gcc/avr/14.1.0/avr5\libgcc.a(_copy_data.o)
 .text.libgcc.prologue
                0x00000570        0x0 C:/avr/bin/../lib/gcc/avr/14.1.0/avr5\libgcc.a(_copy_data.o)
 .text.libgcc.builtins
                0x00000570        0x0 C:/avr/bin/../lib/gcc/avr/14.1.0/avr5\libgcc.a(_copy_data.o)
 .text.libgcc.fmul
                0x00000570        0x0 C:/avr/bin/../lib/gcc/avr/14.1.0/avr5\libgcc.a(_copy_data.o)
 .text.libgcc.fixed
                0x00000570        0x0 C:/avr/bin/../lib/gcc/avr/14.1.0/avr5\libgcc.a(_copy_data.o)
 .text.libgcc.mul
                0x00000570        0x0 C:/avr/bin/../lib/gcc/avr/14.1.0/avr5\libgcc.a(_udivmodhi4.o)
 .text.libgcc.div
                0x00000570       0x28 C:/avr/bin/../lib/gcc/avr/14.1.0/avr5\libgcc.a(_udivmodhi4.o)
                0x00000570                __udivmodhi4
 .text.libgcc   0x00000598        0x0 C:/avr/bin/../lib/gcc/avr/14.1.0/avr5\libgcc.a(_udivmodhi4.o)
 .text.libgcc.prologue
                0x00000598        0x0 C:/avr/bin/../lib/gcc/avr/14.1.0/avr5\libgcc.a(_udivmodhi4.o)
 .text.libgcc.builtins
                0x00000598        0x0 C:/avr/bin/../lib/gcc/avr/14.1.0/avr5\libgcc.a(_udivmodhi4.o)
 .text.libgcc.fmul
                0x00000598        0x0 C:/avr/bin/../lib/gcc/avr/14.1.0/avr5\libgcc.a(_udivmodhi4.o)
 .text.libgcc.fixed
                0x00000598        0x0 C:/avr/bin/../lib/gcc/avr/14.1.0/avr5\libgcc.a(_udivmodhi4.o)
 .text.avr-libc
                0x00000598       0xb8 C:/avr/bin/../lib/gcc/avr/14.1.0/../../../../avr/lib/avr5\libc.a(rand.o)
                0x0000062a                rand_r
                0x00000630                rand
                0x0000063a                srand
 .text.avr-libc
                0x00000650        0xe C:/avr/bin/../lib/gcc/avr/14.1.0/../../../../avr/lib/avr5\libc.a(strcpy.o)
                0x00000650                strcpy
 .text.avr-libc
                0x0000065e       0x26 C:/avr/bin/../lib/gcc/avr/14.1.0/../../../../avr/lib/avr5\libc.a(time.o)
                0x0000065e                time
 .text.libgcc.mul
                0x00000684        0x0 C:/avr/bin/../lib/gcc/avr/14.1.0/avr5\libgcc.a(_divmodsi4.o)
 .text.libgcc.div
                0x00000684       0x2e C:/avr/bin/../lib/gcc/avr/14.1.0/avr5\libgcc.a(_divmodsi4.o)
                0x00000684                __divmodsi4
 .text.libgcc   0x000006b2        0x0 C:/avr/bin/../lib/gcc/avr/14.1.0/avr5\libgcc.a(_divmodsi4.o)
 .text.libgcc.prologue
                0x000006b2        0x0 C:/avr/bin/../lib/gcc/avr/14.1.0/avr5\libgcc.a(_divmodsi4.o)
 .text.libgcc.builtins
                0x000006b2        0x0 C:/avr/bin/../lib/gcc/avr/14.1.0/avr5\libgcc.a(_divmodsi4.o)
 .text.libgcc.fmul
                0x000006b2        0x0 C:/avr/bin/../lib/gcc/avr/14.1.0/avr5\libgcc.a(_divmodsi4.o)
 .text.libgcc.fixed
                0x000006b2        0x0 C:/avr/bin/../lib/gcc/avr/14.1.0/avr5\libgcc.a(_divmodsi4.o)
 .text.libgcc.mul
                0x000006b2        0x0 C:/avr/bin/../lib/gcc/avr/14.1.0/avr5\libgcc.a(_negsi2.o)
 .text.libgcc.div
                0x000006b2       0x10 C:/avr/bin/../lib/gcc/avr/14.1.0/avr5\libgcc.a(_negsi2.o)
                0x000006b2                __negsi2
 .text.libgcc   0x000006c2        0x0 C:/avr/bin/../lib/gcc/avr/14.1.0/avr5\libgcc.a(_negsi2.o)
 .text.libgcc.prologue
                0x000006c2        0x0 C:/avr/bin/../lib/gcc/avr/14.1.0/avr5\libgcc.a(_negsi2.o)
 .text.libgcc.builtins
                0x000006c2        0x0 C:/avr/bin/../lib/gcc/avr/14.1.0/avr5\libgcc.a(_negsi2.o)
 .text.libgcc.fmul
                0x000006c2        0x0 C:/avr/bin/../lib/gcc/avr/14.1.0/avr5\libgcc.a(_negsi2.o)
 .text.libgcc.fixed
                0x000006c2        0x0 C:/avr/bin/../lib/gcc/avr/14.1.0/avr5\libgcc.a(_negsi2.o)
 .text.libgcc.mul
                0x000006c2        0x0 C:/avr/bin/../lib/gcc/avr/14.1.0/avr5\libgcc.a(_clear_bss.o)
 .text.libgcc.div
                0x000006c2        0x0 C:/avr/bin/../lib/gcc/avr/14.1.0/avr5\libgcc.a(_clear_bss.o)
 .text.libgcc   0x000006c2        0x0 C:/avr/bin/../lib/gcc/avr/14.1.0/avr5\libgcc.a(_clear_bss.o)
 .text.libgcc.prologue
                0x000006c2        0x0 C:/avr/bin/../lib/gcc/avr/14.1.0/avr5\libgcc.a(_clear_bss.o)
 .text.libgcc.builtins
                0x000006c2        0x0 C:/avr/bin/../lib/gcc/avr/14.1.0/avr5\libgcc.a(_clear_bss.o)
 .text.libgcc.fmul
                0x000006c2        0x0 C:/avr/bin/../lib/gcc/avr/14.1.0/avr5\libgcc.a(_clear_bss.o)
 .text.libgcc.fixed
                0x000006c2        0x0 C:/avr/bin/../lib/gcc/avr/14.1.0/avr5\libgcc.a(_clear_bss.o)
 .text.libgcc.mul
                0x000006c2       0x16 C:/avr/bin/../lib/gcc/avr/14.1.0/avr5\libgcc.a(_muluhisi3.o)
                0x000006c2                __muluhisi3
 .text.libgcc.div
                0x000006d8        0x0 C:/avr/bin/../lib/gcc/avr/14.1.0/avr5\libgcc.a(_muluhisi3.o)
 .text.libgcc   0x000006d8        0x0 C:/avr/bin/../lib/gcc/avr/14.1.0/avr5\libgcc.a(_muluhisi3.o)
 .text.libgcc.prologue
                0x000006d8        0x0 C:/avr/bin/../lib/gcc/avr/14.1.0/avr5\libgcc.a(_muluhisi3.o)
 .text.libgcc.builtins
                0x000006d8        0x0 C:/avr/bin/../lib/gcc/avr/14.1.0/avr5\libgcc.a(_muluhisi3.o)
 .text.libgcc.fmul
                0x000006d8        0x0 C:/avr/bin/../lib/gcc/avr/14.1.0/avr5\libgcc.a(_muluhisi3.o)
 .text.libgcc.fixed
                0x000006d8        0x0 C:/avr/bin/../lib/gcc/avr/14.1.0/avr5\libgcc.a(_muluhisi3.o)
 .text.libgcc.mul
                0x000006d8       0x10 C:/avr/bin/../lib/gcc/avr/14.1.0/avr5\libgcc.a(_mulshisi3.o)
                0x000006d8                __mulshisi3
                0x000006de                __mulohisi3
 .text.libgcc.div
                0x000006e8        0x0 C:/avr/bin/../lib/gcc/avr/14.1.0/avr5\libgcc.a(_mulshisi3.o)
 .text.libgcc   0x000006e8        0x0 C:/avr/bin/../lib/gcc/avr/14.1.0/avr5\libgcc.a(_mulshisi3.o)
 .text.libgcc.prologue
                0x000006e8        0x0 C:/avr/bin/../lib/gcc/avr/14.1.0/avr5\libgcc.a(_mulshisi3.o)
 .text.libgcc.builtins
                0x000006e8        0x0 C:/avr/bin/../lib/gcc/avr/14.1.0/avr5\libgcc.a(_mulshisi3.o)
 .text.libgcc.fmul
                0x000006e8        0x0 C:/avr/bin/../lib/gcc/avr/14.1.0/avr5\libgcc.a(_mulshisi3.o)
 .text.libgcc.fixed
                0x000006e8        0x0 C:/avr/bin/../lib/gcc/avr/14.1.0/avr5\libgcc.a(_mulshisi3.o)
 .text.libgcc.mul
                0x000006e8        0x0 C:/avr/bin/../lib/gcc/avr/14.1.0/avr5\libgcc.a(_udivmodsi4.o)
 .text.libgcc.div
                0x000006e8       0x44 C:/avr/bin/../lib/gcc/avr/14.1.0/avr5\libgcc.a(_udivmodsi4.o)
                0x000006e8                __udivmodsi4
 .text.libgcc   0x0000072c        0x0 C:/avr/bin/../lib/gcc/avr/14.1.0/avr5\libgcc.a(_udivmodsi4.o)
 .text.libgcc.prologue
                0x0000072c        0x0 C:/avr/bin/../lib/gcc/avr/14.1.0/avr5\libgcc.a(_udivmodsi4.o)
 .text.libgcc.builtins
                0x0000072c        0x0 C:/avr/bin/../lib/gcc/avr/14.1.0/avr5\libgcc.a(_udivmodsi4.o)
 .text.libgcc.fmul
                0x0000072c        0x0 C:/avr/bin/../lib/gcc/avr/14.1.0/avr5\libgcc.a(_udivmodsi4.o)
 .text.libgcc.fixed
                0x0000072c        0x0 C:/avr/bin/../lib/gcc/avr/14.1.0/avr5\libgcc.a(_udivmodsi4.o)
 .text.libgcc.mul
                0x0000072c       0x1e C:/avr/bin/../lib/gcc/avr/14.1.0/avr5\libgcc.a(_umulhisi3.o)
                0x0000072c                __umulhisi3
 .text.libgcc.div
                0x0000074a        0x0 C:/avr/bin/../lib/gcc/avr/14.1.0/avr5\libgcc.a(_umulhisi3.o)
 .text.libgcc   0x0000074a        0x0 C:/avr/bin/../lib/gcc/avr/14.1.0/avr5\libgcc.a(_umulhisi3.o)
 .text.libgcc.prologue
                0x0000074a        0x0 C:/avr/bin/../lib/gcc/avr/14.1.0/avr5\libgcc.a(_umulhisi3.o)
 .text.libgcc.builtins
                0x0000074a        0x0 C:/avr/bin/../lib/gcc/avr/14.1.0/avr5\libgcc.a(_umulhisi3.o)
 .text.libgcc.fmul
                0x0000074a        0x0 C:/avr/bin/../lib/gcc/avr/14.1.0/avr5\libgcc.a(_umulhisi3.o)
 .text.libgcc.fixed
                0x0000074a        0x0 C:/avr/bin/../lib/gcc/avr/14.1.0/avr5\libgcc.a(_umulhisi3.o)
                0x0000074a                        . = ALIGN (0x2)
 *(.fini9)
 .fini9         0x0000074a        0x0 C:/avr/bin/../lib/gcc/avr/14.1.0/avr5\libgcc.a(_exit.o)
                0x0000074a                _exit
                0x0000074a                exit
 *(.fini9)
 *(.fini8)
 *(.fini8)
 *(.fini7)
 *(.fini7)
 *(.fini6)
 *(.fini6)
 *(.fini5)
 *(.fini5)
 *(.fini4)
 *(.fini4)
 *(.fini3)
 *(.fini3)
 *(.fini2)
 *(.fini2)
 *(.fini1)
 *(.fini1)
 *(.fini0)
 .fini0         0x0000074a        0x4 C:/avr/bin/../lib/gcc/avr/14.1.0/avr5\libgcc.a(_exit.o)
 *(.fini0)
 *(.hightext)
 *(.hightext*)
 *(.progmemx.*)
                0x0000074e                        . = ALIGN (0x2)
 *(.jumptables)
 *(.jumptables*)
                0x0000074e                        _etext = .

.data           0x00800100       0x92 load address 0x0000074e
                0x00800100                        PROVIDE (__data_start = .)
 *(.data)
 .data          0x00800100        0x0 C:/avr/bin/../lib/gcc/avr/14.1.0/../../../../avr/lib/avr5/crtatmega328p.o
 .data          0x00800100        0x0 bin/debug/main.o
 .data          0x00800100        0x0 bin/debug/lcd.o
 .data          0x00800100        0x0 bin/debug/CustomerList.o
 .data          0x00800100        0x0 C:/avr/bin/../lib/gcc/avr/14.1.0/avr5\libgcc.a(_divmodhi4.o)
 .data          0x00800100        0x0 C:/avr/bin/../lib/gcc/avr/14.1.0/avr5\libgcc.a(_exit.o)
 .data          0x00800100        0x0 C:/avr/bin/../lib/gcc/avr/14.1.0/avr5\libgcc.a(_copy_data.o)
 .data          0x00800100        0x0 C:/avr/bin/../lib/gcc/avr/14.1.0/avr5\libgcc.a(_udivmodhi4.o)
 .data          0x00800100        0x4 C:/avr/bin/../lib/gcc/avr/14.1.0/../../../../avr/lib/avr5\libc.a(rand.o)
 .data          0x00800104        0x0 C:/avr/bin/../lib/gcc/avr/14.1.0/../../../../avr/lib/avr5\libc.a(strcpy.o)
 .data          0x00800104        0x0 C:/avr/bin/../lib/gcc/avr/14.1.0/../../../../avr/lib/avr5\libc.a(time.o)
 .data          0x00800104        0x0 C:/avr/bin/../lib/gcc/avr/14.1.0/../../../../avr/lib/avr5\libc.a(system_time.o)
 .data          0x00800104        0x0 C:/avr/bin/../lib/gcc/avr/14.1.0/avr5\libgcc.a(_divmodsi4.o)
 .data          0x00800104        0x0 C:/avr/bin/../lib/gcc/avr/14.1.0/avr5\libgcc.a(_negsi2.o)
 .data          0x00800104        0x0 C:/avr/bin/../lib/gcc/avr/14.1.0/avr5\libgcc.a(_clear_bss.o)
 .data          0x00800104        0x0 C:/avr/bin/../lib/gcc/avr/14.1.0/avr5\libgcc.a(_muluhisi3.o)
 .data          0x00800104        0x0 C:/avr/bin/../lib/gcc/avr/14.1.0/avr5\libgcc.a(_mulshisi3.o)
 .data          0x00800104        0x0 C:/avr/bin/../lib/gcc/avr/14.1.0/avr5\libgcc.a(_udivmodsi4.o)
 .data          0x00800104        0x0 C:/avr/bin/../lib/gcc/avr/14.1.0/avr5\libgcc.a(_umulhisi3.o)
 *(.data*)
 *(.gnu.linkonce.d*)
 *(.rodata)
 .rodata        0x00800104       0x18 bin/debug/lcd.o
 *(.rodata*)
 .rodata.str1.1
                0x0080011c       0x75 bin/debug/main.o
                                 0x6c (size before relaxing)
 .rodata.str1.1
                0x00800191        0x9 bin/debug/lcd.o
 *(.gnu.linkonce.r*)
                0x0080019a                        . = ALIGN (0x2)
 *fill*         0x00800191        0x1 
                0x00800192                        _edata = .
                0x00800192                        PROVIDE (__data_end = .)

.bss            0x00800192        0x4
                0x00800192                        PROVIDE (__bss_start = .)
 *(.bss)
 .bss           0x00800192        0x0 C:/avr/bin/../lib/gcc/avr/14.1.0/../../../../avr/lib/avr5/crtatmega328p.o
 .bss           0x00800192        0x0 bin/debug/main.o
 .bss           0x00800192        0x0 bin/debug/lcd.o
 .bss           0x00800192        0x0 bin/debug/CustomerList.o
 .bss           0x00800192        0x0 C:/avr/bin/../lib/gcc/avr/14.1.0/avr5\libgcc.a(_divmodhi4.o)
 .bss           0x00800192        0x0 C:/avr/bin/../lib/gcc/avr/14.1.0/avr5\libgcc.a(_exit.o)
 .bss           0x00800192        0x0 C:/avr/bin/../lib/gcc/avr/14.1.0/avr5\libgcc.a(_copy_data.o)
 .bss           0x00800192        0x0 C:/avr/bin/../lib/gcc/avr/14.1.0/avr5\libgcc.a(_udivmodhi4.o)
 .bss           0x00800192        0x0 C:/avr/bin/../lib/gcc/avr/14.1.0/../../../../avr/lib/avr5\libc.a(rand.o)
 .bss           0x00800192        0x0 C:/avr/bin/../lib/gcc/avr/14.1.0/../../../../avr/lib/avr5\libc.a(strcpy.o)
 .bss           0x00800192        0x0 C:/avr/bin/../lib/gcc/avr/14.1.0/../../../../avr/lib/avr5\libc.a(time.o)
 .bss           0x00800192        0x4 C:/avr/bin/../lib/gcc/avr/14.1.0/../../../../avr/lib/avr5\libc.a(system_time.o)
                0x00800192                __system_time
 .bss           0x00800196        0x0 C:/avr/bin/../lib/gcc/avr/14.1.0/avr5\libgcc.a(_divmodsi4.o)
 .bss           0x00800196        0x0 C:/avr/bin/../lib/gcc/avr/14.1.0/avr5\libgcc.a(_negsi2.o)
 .bss           0x00800196        0x0 C:/avr/bin/../lib/gcc/avr/14.1.0/avr5\libgcc.a(_clear_bss.o)
 .bss           0x00800196        0x0 C:/avr/bin/../lib/gcc/avr/14.1.0/avr5\libgcc.a(_muluhisi3.o)
 .bss           0x00800196        0x0 C:/avr/bin/../lib/gcc/avr/14.1.0/avr5\libgcc.a(_mulshisi3.o)
 .bss           0x00800196        0x0 C:/avr/bin/../lib/gcc/avr/14.1.0/avr5\libgcc.a(_udivmodsi4.o)
 .bss           0x00800196        0x0 C:/avr/bin/../lib/gcc/avr/14.1.0/avr5\libgcc.a(_umulhisi3.o)
 *(.bss*)
 *(COMMON)
                0x00800196                        PROVIDE (__bss_end = .)
                0x0000074e                        __data_load_start = LOADADDR (.data)
                0x000007e0                        __data_load_end = (__data_load_start + SIZEOF (.data))

.noinit         0x00800196        0x0
                [!provide]                        PROVIDE (__noinit_start = .)
 *(.noinit .noinit.* .gnu.linkonce.n.*)
                [!provide]                        PROVIDE (__noinit_end = .)
                0x00800196                        _end = .
                [!provide]                        PROVIDE (__heap_start = .)
                [!provide]                        PROVIDE (__flmap_init_label = DEFINED (__flmap_noinit_start)?__flmap_noinit_start:0x0)
                [!provide]                        PROVIDE (__flmap = DEFINED (__flmap)?__flmap:0x0)

.eeprom         0x00810000        0x0
 *(.eeprom*)
                0x00810000                        __eeprom_end = .

.fuse
 *(.fuse)
 *(.lfuse)
 *(.hfuse)
 *(.efuse)

.lock
 *(.lock*)

.signature
 *(.signature*)

.stab
 *(.stab)

.stabstr
 *(.stabstr)

.stab.excl
 *(.stab.excl)

.stab.exclstr
 *(.stab.exclstr)

.stab.index
 *(.stab.index)

.stab.indexstr
 *(.stab.indexstr)

.comment        0x00000000       0x12
 *(.comment)
 .comment       0x00000000       0x12 bin/debug/main.o
                                 0x13 (size before relaxing)
 .comment       0x00000012       0x13 bin/debug/lcd.o
 .comment       0x00000012       0x13 bin/debug/CustomerList.o
 .comment       0x00000012       0x13 C:/avr/bin/../lib/gcc/avr/14.1.0/../../../../avr/lib/avr5\libc.a(rand.o)
 .comment       0x00000012       0x13 C:/avr/bin/../lib/gcc/avr/14.1.0/../../../../avr/lib/avr5\libc.a(time.o)
 .comment       0x00000012       0x13 C:/avr/bin/../lib/gcc/avr/14.1.0/../../../../avr/lib/avr5\libc.a(system_time.o)

.note.gnu.avr.deviceinfo
                0x00000000       0x40
 .note.gnu.avr.deviceinfo
                0x00000000       0x40 C:/avr/bin/../lib/gcc/avr/14.1.0/../../../../avr/lib/avr5/crtatmega328p.o

.gnu.build.attributes
 *(.gnu.build.attributes .gnu.build.attributes.*)

.note.gnu.build-id
 *(.note.gnu.build-id)

.debug
 *(.debug)

.line
 *(.line)

.debug_srcinfo
 *(.debug_srcinfo)

.debug_sfnames
 *(.debug_sfnames)

.debug_aranges  0x00000000      0x160
 *(.debug_aranges)
 .debug_aranges
                0x00000000       0x20 C:/avr/bin/../lib/gcc/avr/14.1.0/avr5\libgcc.a(_divmodhi4.o)
 .debug_aranges
                0x00000020       0x20 C:/avr/bin/../lib/gcc/avr/14.1.0/avr5\libgcc.a(_exit.o)
 .debug_aranges
                0x00000040       0x20 C:/avr/bin/../lib/gcc/avr/14.1.0/avr5\libgcc.a(_copy_data.o)
 .debug_aranges
                0x00000060       0x20 C:/avr/bin/../lib/gcc/avr/14.1.0/avr5\libgcc.a(_udivmodhi4.o)
 .debug_aranges
                0x00000080       0x20 C:/avr/bin/../lib/gcc/avr/14.1.0/avr5\libgcc.a(_divmodsi4.o)
 .debug_aranges
                0x000000a0       0x20 C:/avr/bin/../lib/gcc/avr/14.1.0/avr5\libgcc.a(_negsi2.o)
 .debug_aranges
                0x000000c0       0x20 C:/avr/bin/../lib/gcc/avr/14.1.0/avr5\libgcc.a(_clear_bss.o)
 .debug_aranges
                0x000000e0       0x20 C:/avr/bin/../lib/gcc/avr/14.1.0/avr5\libgcc.a(_muluhisi3.o)
 .debug_aranges
                0x00000100       0x20 C:/avr/bin/../lib/gcc/avr/14.1.0/avr5\libgcc.a(_mulshisi3.o)
 .debug_aranges
                0x00000120       0x20 C:/avr/bin/../lib/gcc/avr/14.1.0/avr5\libgcc.a(_udivmodsi4.o)
 .debug_aranges
                0x00000140       0x20 C:/avr/bin/../lib/gcc/avr/14.1.0/avr5\libgcc.a(_umulhisi3.o)

.debug_pubnames
 *(.debug_pubnames)

.debug_info     0x00000000      0x780
 *(.debug_info .gnu.linkonce.wi.*)
 .debug_info    0x00000000      0x5f4 C:/avr/bin/../lib/gcc/avr/14.1.0/../../../../avr/lib/avr5/crtatmega328p.o
 .debug_info    0x000005f4       0x24 C:/avr/bin/../lib/gcc/avr/14.1.0/avr5\libgcc.a(_divmodhi4.o)
 .debug_info    0x00000618       0x24 C:/avr/bin/../lib/gcc/avr/14.1.0/avr5\libgcc.a(_exit.o)
 .debug_info    0x0000063c       0x24 C:/avr/bin/../lib/gcc/avr/14.1.0/avr5\libgcc.a(_copy_data.o)
 .debug_info    0x00000660       0x24 C:/avr/bin/../lib/gcc/avr/14.1.0/avr5\libgcc.a(_udivmodhi4.o)
 .debug_info    0x00000684       0x24 C:/avr/bin/../lib/gcc/avr/14.1.0/avr5\libgcc.a(_divmodsi4.o)
 .debug_info    0x000006a8       0x24 C:/avr/bin/../lib/gcc/avr/14.1.0/avr5\libgcc.a(_negsi2.o)
 .debug_info    0x000006cc       0x24 C:/avr/bin/../lib/gcc/avr/14.1.0/avr5\libgcc.a(_clear_bss.o)
 .debug_info    0x000006f0       0x24 C:/avr/bin/../lib/gcc/avr/14.1.0/avr5\libgcc.a(_muluhisi3.o)
 .debug_info    0x00000714       0x24 C:/avr/bin/../lib/gcc/avr/14.1.0/avr5\libgcc.a(_mulshisi3.o)
 .debug_info    0x00000738       0x24 C:/avr/bin/../lib/gcc/avr/14.1.0/avr5\libgcc.a(_udivmodsi4.o)
 .debug_info    0x0000075c       0x24 C:/avr/bin/../lib/gcc/avr/14.1.0/avr5\libgcc.a(_umulhisi3.o)

.debug_abbrev   0x00000000      0x67e
 *(.debug_abbrev)
 .debug_abbrev  0x00000000      0x5a2 C:/avr/bin/../lib/gcc/avr/14.1.0/../../../../avr/lib/avr5/crtatmega328p.o
 .debug_abbrev  0x000005a2       0x14 C:/avr/bin/../lib/gcc/avr/14.1.0/avr5\libgcc.a(_divmodhi4.o)
 .debug_abbrev  0x000005b6       0x14 C:/avr/bin/../lib/gcc/avr/14.1.0/avr5\libgcc.a(_exit.o)
 .debug_abbrev  0x000005ca       0x14 C:/avr/bin/../lib/gcc/avr/14.1.0/avr5\libgcc.a(_copy_data.o)
 .debug_abbrev  0x000005de       0x14 C:/avr/bin/../lib/gcc/avr/14.1.0/avr5\libgcc.a(_udivmodhi4.o)
 .debug_abbrev  0x000005f2       0x14 C:/avr/bin/../lib/gcc/avr/14.1.0/avr5\libgcc.a(_divmodsi4.o)
 .debug_abbrev  0x00000606       0x14 C:/avr/bin/../lib/gcc/avr/14.1.0/avr5\libgcc.a(_negsi2.o)
 .debug_abbrev  0x0000061a       0x14 C:/avr/bin/../lib/gcc/avr/14.1.0/avr5\libgcc.a(_clear_bss.o)
 .debug_abbrev  0x0000062e       0x14 C:/avr/bin/../lib/gcc/avr/14.1.0/avr5\libgcc.a(_muluhisi3.o)
 .debug_abbrev  0x00000642       0x14 C:/avr/bin/../lib/gcc/avr/14.1.0/avr5\libgcc.a(_mulshisi3.o)
 .debug_abbrev  0x00000656       0x14 C:/avr/bin/../lib/gcc/avr/14.1.0/avr5\libgcc.a(_udivmodsi4.o)
 .debug_abbrev  0x0000066a       0x14 C:/avr/bin/../lib/gcc/avr/14.1.0/avr5\libgcc.a(_umulhisi3.o)

.debug_line     0x00000000      0x686
 *(.debug_line .debug_line.* .debug_line_end)
 .debug_line    0x00000000       0x1d C:/avr/bin/../lib/gcc/avr/14.1.0/../../../../avr/lib/avr5/crtatmega328p.o
 .debug_line    0x0000001d       0xb7 C:/avr/bin/../lib/gcc/avr/14.1.0/avr5\libgcc.a(_divmodhi4.o)
 .debug_line    0x000000d4       0x51 C:/avr/bin/../lib/gcc/avr/14.1.0/avr5\libgcc.a(_exit.o)
 .debug_line    0x00000125       0x87 C:/avr/bin/../lib/gcc/avr/14.1.0/avr5\libgcc.a(_copy_data.o)
 .debug_line    0x000001ac       0xbd C:/avr/bin/../lib/gcc/avr/14.1.0/avr5\libgcc.a(_udivmodhi4.o)
 .debug_line    0x00000269       0xbd C:/avr/bin/../lib/gcc/avr/14.1.0/avr5\libgcc.a(_divmodsi4.o)
 .debug_line    0x00000326       0x51 C:/avr/bin/../lib/gcc/avr/14.1.0/avr5\libgcc.a(_negsi2.o)
 .debug_line    0x00000377       0x75 C:/avr/bin/../lib/gcc/avr/14.1.0/avr5\libgcc.a(_clear_bss.o)
 .debug_line    0x000003ec       0x81 C:/avr/bin/../lib/gcc/avr/14.1.0/avr5\libgcc.a(_muluhisi3.o)
 .debug_line    0x0000046d       0x69 C:/avr/bin/../lib/gcc/avr/14.1.0/avr5\libgcc.a(_mulshisi3.o)
 .debug_line    0x000004d6      0x111 C:/avr/bin/../lib/gcc/avr/14.1.0/avr5\libgcc.a(_udivmodsi4.o)
 .debug_line    0x000005e7       0x9f C:/avr/bin/../lib/gcc/avr/14.1.0/avr5\libgcc.a(_umulhisi3.o)

.debug_frame
 *(.debug_frame)

.debug_str      0x00000000      0x270
 *(.debug_str)
 .debug_str     0x00000000      0x208 C:/avr/bin/../lib/gcc/avr/14.1.0/../../../../avr/lib/avr5/crtatmega328p.o
 .debug_str     0x00000208       0x68 C:/avr/bin/../lib/gcc/avr/14.1.0/avr5\libgcc.a(_divmodhi4.o)
 .debug_str     0x00000270       0x68 C:/avr/bin/../lib/gcc/avr/14.1.0/avr5\libgcc.a(_exit.o)
 .debug_str     0x00000270       0x68 C:/avr/bin/../lib/gcc/avr/14.1.0/avr5\libgcc.a(_copy_data.o)
 .debug_str     0x00000270       0x68 C:/avr/bin/../lib/gcc/avr/14.1.0/avr5\libgcc.a(_udivmodhi4.o)
 .debug_str     0x00000270       0x68 C:/avr/bin/../lib/gcc/avr/14.1.0/avr5\libgcc.a(_divmodsi4.o)
 .debug_str     0x00000270       0x68 C:/avr/bin/../lib/gcc/avr/14.1.0/avr5\libgcc.a(_negsi2.o)
 .debug_str     0x00000270       0x68 C:/avr/bin/../lib/gcc/avr/14.1.0/avr5\libgcc.a(_clear_bss.o)
 .debug_str     0x00000270       0x68 C:/avr/bin/../lib/gcc/avr/14.1.0/avr5\libgcc.a(_muluhisi3.o)
 .debug_str     0x00000270       0x68 C:/avr/bin/../lib/gcc/avr/14.1.0/avr5\libgcc.a(_mulshisi3.o)
 .debug_str     0x00000270       0x68 C:/avr/bin/../lib/gcc/avr/14.1.0/avr5\libgcc.a(_udivmodsi4.o)
 .debug_str     0x00000270       0x68 C:/avr/bin/../lib/gcc/avr/14.1.0/avr5\libgcc.a(_umulhisi3.o)

.debug_loc
 *(.debug_loc)

.debug_macinfo
 *(.debug_macinfo)

.debug_weaknames
 *(.debug_weaknames)

.debug_funcnames
 *(.debug_funcnames)

.debug_typenames
 *(.debug_typenames)

.debug_varnames
 *(.debug_varnames)

.debug_pubtypes
 *(.debug_pubtypes)

.debug_ranges
 *(.debug_ranges)

.debug_addr
 *(.debug_addr)

.debug_line_str
                0x00000000       0x5c
 *(.debug_line_str)
 .debug_line_str
                0x00000000       0x5c C:/avr/bin/../lib/gcc/avr/14.1.0/avr5\libgcc.a(_divmodhi4.o)
 .debug_line_str
                0x0000005c       0x5c C:/avr/bin/../lib/gcc/avr/14.1.0/avr5\libgcc.a(_exit.o)
 .debug_line_str
                0x0000005c       0x5c C:/avr/bin/../lib/gcc/avr/14.1.0/avr5\libgcc.a(_copy_data.o)
 .debug_line_str
                0x0000005c       0x5c C:/avr/bin/../lib/gcc/avr/14.1.0/avr5\libgcc.a(_udivmodhi4.o)
 .debug_line_str
                0x0000005c       0x5c C:/avr/bin/../lib/gcc/avr/14.1.0/avr5\libgcc.a(_divmodsi4.o)
 .debug_line_str
                0x0000005c       0x5c C:/avr/bin/../lib/gcc/avr/14.1.0/avr5\libgcc.a(_negsi2.o)
 .debug_line_str
                0x0000005c       0x5c C:/avr/bin/../lib/gcc/avr/14.1.0/avr5\libgcc.a(_clear_bss.o)
 .debug_line_str
                0x0000005c       0x5c C:/avr/bin/../lib/gcc/avr/14.1.0/avr5\libgcc.a(_muluhisi3.o)
 .debug_line_str
                0x0000005c       0x5c C:/avr/bin/../lib/gcc/avr/14.1.0/avr5\libgcc.a(_mulshisi3.o)
 .debug_line_str
                0x0000005c       0x5c C:/avr/bin/../lib/gcc/avr/14.1.0/avr5\libgcc.a(_udivmodsi4.o)
 .debug_line_str
                0x0000005c       0x5c C:/avr/bin/../lib/gcc/avr/14.1.0/avr5\libgcc.a(_umulhisi3.o)

.debug_loclists
 *(.debug_loclists)

.debug_macro
 *(.debug_macro)

.debug_names
 *(.debug_names)

.debug_rnglists
 *(.debug_rnglists)

.debug_str_offsets
 *(.debug_str_offsets)

.debug_sup
 *(.debug_sup)
OUTPUT(avrdemo.elf elf32-avr)
LOAD linker stubs
